$ vitest run tests/unit/process/services/recovery/recoveryCapture.test.ts

 RUN  v4.1.0 /Users/seandonahoe/gsd-workspaces/wayland-desktop-audit-01-06-r2/app

 ❯ |node| tests/unit/process/services/recovery/recoveryCapture.test.ts (19 tests | 1 failed) 8306ms
     × captures an external recovery authority provisioned after the initial inventory 51ms

⎯⎯⎯⎯⎯⎯⎯ Failed Tests 1 ⎯⎯⎯⎯⎯⎯⎯

 FAIL  |node| tests/unit/process/services/recovery/recoveryCapture.test.ts > Desktop-only production capture boundary > captures an external recovery authority provisioned after the initial inventory
AssertionError: expected false to be true // Object.is equality

- Expected
+ Received

- true
+ false

 ❯ tests/unit/process/services/recovery/recoveryCapture.test.ts:369:7
    367|           authority === 'credentials.key-material' && sourcePath.start…
    368|       )
    369|     ).toBe(true);
       |       ^
    370|   });
    371|

⎯⎯⎯⎯⎯⎯⎯⎯⎯⎯⎯⎯⎯⎯⎯⎯⎯⎯⎯⎯⎯⎯⎯⎯[1/1]⎯


 Test Files  1 failed (1)
      Tests  1 failed | 18 passed (19)
   Start at  02:23:41
   Duration  8.69s (transform 189ms, setup 44ms, import 191ms, tests 8.31s, environment 0ms)

error: script "test:vitest" exited with code 1
