receipt=bun-native-intent
captured_at_utc=2026-07-19T20:35:30.468Z
implementation_commit=78270b812e7112cb38dda2b732c092916bbebc28
implementation_tree=a6b323f58a96f6b72b0e36b1163aa8d43844ae34
environment_receipt=00-environment.log
command=bun test src/process/services/database/conversationChannelCleanupIntent.bun.test.ts
exit_code=0
sanitization=redactCommandSecrets fixed-point
output_begin
bun test v1.3.11 (af24e281)

src/process/services/database/conversationChannelCleanupIntent.bun.test.ts:
[Migration v55] Added durable conversation channel cleanup intents
[Migration v55] Added durable conversation channel cleanup intents
(pass) conversation channel cleanup intent native SQLite proof > retains the atomic intent and captured session identity across process restart [3.88ms]
[Migration v55] Added durable conversation channel cleanup intents
(pass) conversation channel cleanup intent native SQLite proof > binds eligibility to commit-time source and rolls intent back with a rejected delete [0.30ms]

 2 pass
 0 fail
 9 expect() calls
Ran 2 tests across 1 file. [87.00ms]
output_end
